src/pages/AdminPortal.tsx(2,26): error TS2307: Cannot find module '@/integrations/supabase/client' or its corresponding type declarations.
src/pages/AdminPortal.tsx(4,75): error TS2307: Cannot find module '@/components/ui/card' or its corresponding type declarations.
src/pages/AdminPortal.tsx(5,24): error TS2307: Cannot find module '@/components/ui/button' or its corresponding type declarations.
src/pages/AdminPortal.tsx(6,23): error TS2307: Cannot find module '@/components/ui/badge' or its corresponding type declarations.
src/pages/AdminPortal.tsx(7,26): error TS2307: Cannot find module '@/hooks/use-toast' or its corresponding type declarations.
src/pages/AdminPortal.tsx(9,53): error TS2307: Cannot find module '@/components/ui/avatar' or its corresponding type declarations.
src/pages/AdminPortal.tsx(10,58): error TS2307: Cannot find module '@/components/ui/tabs' or its corresponding type declarations.
src/pages/AdminPortal.tsx(11,23): error TS2307: Cannot find module '@/components/ui/input' or its corresponding type declarations.
src/pages/AdminPortal.tsx(15,74): error TS2307: Cannot find module '@/components/ui/tooltip' or its corresponding type declarations.
src/pages/AdminPortal.tsx(16,99): error TS2307: Cannot find module '@/components/ui/dialog' or its corresponding type declarations.
src/pages/AdminPortal.tsx(17,28): error TS2307: Cannot find module '@/components/ui/scroll-area' or its corresponding type declarations.
